
 Running multipmemd version of pmemd Amber24
    Total processors =    18
    Number of groups =    18

           0
           0
           0
           0
           0
           0
           0
           0
           0
           0
           0
           0
           0
           0
           0
           0
           0
           0

===================================================================================
=   BAD TERMINATION OF ONE OF YOUR APPLICATION PROCESSES
=   RANK 0 PID 3141353 RUNNING AT nu-g02
=   KILLED BY SIGNAL: 15 (Terminated)
===================================================================================

===================================================================================
=   BAD TERMINATION OF ONE OF YOUR APPLICATION PROCESSES
=   RANK 1 PID 3141354 RUNNING AT nu-g02
=   KILLED BY SIGNAL: 15 (Terminated)
===================================================================================

===================================================================================
=   BAD TERMINATION OF ONE OF YOUR APPLICATION PROCESSES
=   RANK 2 PID 3141355 RUNNING AT nu-g02
=   KILLED BY SIGNAL: 15 (Terminated)
===================================================================================

===================================================================================
=   BAD TERMINATION OF ONE OF YOUR APPLICATION PROCESSES
=   RANK 3 PID 3141356 RUNNING AT nu-g02
=   KILLED BY SIGNAL: 15 (Terminated)
===================================================================================

===================================================================================
=   BAD TERMINATION OF ONE OF YOUR APPLICATION PROCESSES
=   RANK 4 PID 3141357 RUNNING AT nu-g02
=   KILLED BY SIGNAL: 15 (Terminated)
===================================================================================

===================================================================================
=   BAD TERMINATION OF ONE OF YOUR APPLICATION PROCESSES
=   RANK 5 PID 3141358 RUNNING AT nu-g02
=   KILLED BY SIGNAL: 15 (Terminated)
===================================================================================

===================================================================================
=   BAD TERMINATION OF ONE OF YOUR APPLICATION PROCESSES
=   RANK 6 PID 3141359 RUNNING AT nu-g02
=   KILLED BY SIGNAL: 15 (Terminated)
===================================================================================

===================================================================================
=   BAD TERMINATION OF ONE OF YOUR APPLICATION PROCESSES
=   RANK 7 PID 3141360 RUNNING AT nu-g02
=   KILLED BY SIGNAL: 15 (Terminated)
===================================================================================

===================================================================================
=   BAD TERMINATION OF ONE OF YOUR APPLICATION PROCESSES
=   RANK 8 PID 3141361 RUNNING AT nu-g02
=   KILLED BY SIGNAL: 15 (Terminated)
===================================================================================

===================================================================================
=   BAD TERMINATION OF ONE OF YOUR APPLICATION PROCESSES
=   RANK 9 PID 3141362 RUNNING AT nu-g02
=   KILLED BY SIGNAL: 15 (Terminated)
===================================================================================

===================================================================================
=   BAD TERMINATION OF ONE OF YOUR APPLICATION PROCESSES
=   RANK 10 PID 3141363 RUNNING AT nu-g02
=   KILLED BY SIGNAL: 15 (Terminated)
===================================================================================

===================================================================================
=   BAD TERMINATION OF ONE OF YOUR APPLICATION PROCESSES
=   RANK 11 PID 3141364 RUNNING AT nu-g02
=   KILLED BY SIGNAL: 15 (Terminated)
===================================================================================

===================================================================================
=   BAD TERMINATION OF ONE OF YOUR APPLICATION PROCESSES
=   RANK 12 PID 3141365 RUNNING AT nu-g02
=   KILLED BY SIGNAL: 15 (Terminated)
===================================================================================

===================================================================================
=   BAD TERMINATION OF ONE OF YOUR APPLICATION PROCESSES
=   RANK 13 PID 3141366 RUNNING AT nu-g02
=   KILLED BY SIGNAL: 15 (Terminated)
===================================================================================

===================================================================================
=   BAD TERMINATION OF ONE OF YOUR APPLICATION PROCESSES
=   RANK 14 PID 3141367 RUNNING AT nu-g02
=   KILLED BY SIGNAL: 15 (Terminated)
===================================================================================

===================================================================================
=   BAD TERMINATION OF ONE OF YOUR APPLICATION PROCESSES
=   RANK 15 PID 3141368 RUNNING AT nu-g02
=   KILLED BY SIGNAL: 15 (Terminated)
===================================================================================

===================================================================================
=   BAD TERMINATION OF ONE OF YOUR APPLICATION PROCESSES
=   RANK 16 PID 3141369 RUNNING AT nu-g02
=   KILLED BY SIGNAL: 15 (Terminated)
===================================================================================

===================================================================================
=   BAD TERMINATION OF ONE OF YOUR APPLICATION PROCESSES
=   RANK 17 PID 3141370 RUNNING AT nu-g02
=   KILLED BY SIGNAL: 15 (Terminated)
===================================================================================
